---
source: src/parser.rs
expression: parse_header(&first_four_lines(path).unwrap()).unwrap()
---
(
    "$EndMeshFormat\n",
    MshHeader {
        version: V22,
        storage: BinaryLe,
        size_t: EightBytes,
    },
)
