---
source: src/parser.rs
expression: parse_header(&first_four_lines(path).unwrap()).unwrap()
---
(
    "$Nodes\r\n",
    MshHeader {
        version: V22,
        storage: Ascii,
        size_t: EightBytes,
    },
)
